// Vitest Snapshot v1, https://vitest.dev/guide/snapshot.html

exports[`LoginForm — Entra-first copy refresh (#790) > renders MFA help text and hides local links when Entra is on (entra-only) 1`] = `
<div>
  <form
    class="MuiBox-root css-0"
    novalidate=""
  >
    <div
      class="MuiStack-root css-lbjakd-MuiStack-root"
    >
      <a
        aria-label="Sign in with Microsoft"
        class="MuiButtonBase-root MuiButton-root MuiButton-contained MuiButton-containedPrimary MuiButton-sizeMedium MuiButton-containedSizeMedium MuiButton-colorPrimary MuiButton-fullWidth MuiButton-root MuiButton-contained MuiButton-containedPrimary MuiButton-sizeMedium MuiButton-containedSizeMedium MuiButton-colorPrimary MuiButton-fullWidth css-wze6j6-MuiButtonBase-root-MuiButton-root"
        data-testid="entra-sign-in"
        href="/api/auth/entra/login"
        tabindex="0"
      >
        Sign in with Microsoft
      </a>
      <p
        class="MuiTypography-root MuiTypography-body2 MuiTypography-alignCenter css-1r4b5bp-MuiTypography-root"
        data-testid="entra-mfa-notice"
        style="--Typography-textAlign: center;"
      >
        Your organisation requires Microsoft sign-in. You may be prompted for multi-factor authentication (MFA) as part of the sign-in process.
      </p>
      <p
        class="MuiTypography-root MuiTypography-body2 MuiTypography-alignCenter css-1r4b5bp-MuiTypography-root"
        data-testid="entra-only-notice"
        style="--Typography-textAlign: center;"
      >
        Sign-in is managed by your organisation's Microsoft account.
      </p>
    </div>
  </form>
</div>
`;
